Added Component: Designator=C1(CAPC0603(1608)100_L)
Add component (AddParameter): Name = "Capacitor Type"; Value = ""; VariantName = "[No Variations]"
Add component (AddParameter): Name = "Case/Package"; Value = "0603"; VariantName = "[No Variations]"
Add component (AddParameter): Name = "Max Operating Temperature"; Value = "85°C"; VariantName = "[No Variations]"
Add component (AddParameter): Name = "Min Operating Temperature"; Value = "-55°C"; VariantName = "[No Variations]"
Add component (AddParameter): Name = "Mounting Technology"; Value = "SMT"; VariantName = "[No Variations]"
Add component (AddParameter): Name = "Pins"; Value = "2"; VariantName = "[No Variations]"
Add component (AddParameter): Name = "Ripple Current"; Value = ""; VariantName = "[No Variations]"
Add component (AddParameter): Name = "Ripple Current (AC)"; Value = ""; VariantName = "[No Variations]"
Add component (AddParameter): Name = "RoHS Compliant"; Value = ""; VariantName = "[No Variations]"
Add component (AddParameter): Name = "Tolerance"; Value = "10%"; VariantName = "[No Variations]"
Add component (AddParameter): Name = "Value"; Value = "4.7µF"; VariantName = "[No Variations]"
Add component (AddParameter): Name = "Voltage Rating"; Value = "10V"; VariantName = "[No Variations]"
Added Component: Designator=C2(CAPC0603(1608)100_L)
Add component (AddParameter): Name = "Capacitor Type"; Value = ""; VariantName = "[No Variations]"
Add component (AddParameter): Name = "Case/Package"; Value = "0603"; VariantName = "[No Variations]"
Add component (AddParameter): Name = "Max Operating Temperature"; Value = "85°C"; VariantName = "[No Variations]"
Add component (AddParameter): Name = "Min Operating Temperature"; Value = "-55°C"; VariantName = "[No Variations]"
Add component (AddParameter): Name = "Mounting Technology"; Value = "SMT"; VariantName = "[No Variations]"
Add component (AddParameter): Name = "Pins"; Value = "2"; VariantName = "[No Variations]"
Add component (AddParameter): Name = "Ripple Current"; Value = ""; VariantName = "[No Variations]"
Add component (AddParameter): Name = "Ripple Current (AC)"; Value = ""; VariantName = "[No Variations]"
Add component (AddParameter): Name = "RoHS Compliant"; Value = ""; VariantName = "[No Variations]"
Add component (AddParameter): Name = "Tolerance"; Value = "10%"; VariantName = "[No Variations]"
Add component (AddParameter): Name = "Value"; Value = "4.7µF"; VariantName = "[No Variations]"
Add component (AddParameter): Name = "Voltage Rating"; Value = "10V"; VariantName = "[No Variations]"
Added Component: Designator=C3(CAPC0603(1608)100_L)
Add component (AddParameter): Name = "Capacitor Type"; Value = ""; VariantName = "[No Variations]"
Add component (AddParameter): Name = "Case/Package"; Value = "0603"; VariantName = "[No Variations]"
Add component (AddParameter): Name = "Max Operating Temperature"; Value = "85°C"; VariantName = "[No Variations]"
Add component (AddParameter): Name = "Min Operating Temperature"; Value = "-55°C"; VariantName = "[No Variations]"
Add component (AddParameter): Name = "Mounting Technology"; Value = "SMT"; VariantName = "[No Variations]"
Add component (AddParameter): Name = "Pins"; Value = "2"; VariantName = "[No Variations]"
Add component (AddParameter): Name = "Ripple Current"; Value = ""; VariantName = "[No Variations]"
Add component (AddParameter): Name = "Ripple Current (AC)"; Value = ""; VariantName = "[No Variations]"
Add component (AddParameter): Name = "RoHS Compliant"; Value = ""; VariantName = "[No Variations]"
Add component (AddParameter): Name = "Tolerance"; Value = "10%"; VariantName = "[No Variations]"
Add component (AddParameter): Name = "Value"; Value = "4.7µF"; VariantName = "[No Variations]"
Add component (AddParameter): Name = "Voltage Rating"; Value = "10V"; VariantName = "[No Variations]"
Add component: Footprint Not Found XT60PB-F
Add component: Footprint Not Found XT60PB-F
Add component: Footprint Not Found XT60PB-F
Add component: Footprint Not Found XT60PB-F
Add component: Footprint Not Found DIOAD1410W86L470D235
Added Pin To Net: NetName=+22.2V Batterie Pin=C1-1
Added Pin To Net: NetName=+22.2V Batterie Pin=C1-2
Added Pin To Net: NetName=+22.2V Batterie Pin=C2-1
Added Pin To Net: NetName=+22.2V Batterie Pin=C2-2
Added Pin To Net: NetName=+22.2V Batterie Pin=C3-1
Added Pin To Net: NetName=+22.2V Batterie Pin=C3-2
Add Pin To Net: Unknown Pin: Pin J?-N
Add Pin To Net: Unknown Pin: Pin J?-N
Add Pin To Net: Unknown Pin: Pin J?-N
Add Pin To Net: Unknown Pin: Pin J?-N
Add Pin To Net: Unknown Pin: Pin J?-P
Add Pin To Net: Unknown Pin: Pin J?-P
Add Pin To Net: Unknown Pin: Pin J?-P
Add Pin To Net: Unknown Pin: Pin J?-P
Add Pin To Net: Unknown Pin: Pin Z?-1
Add Pin To Net: Unknown Pin: Pin Z?-2
Added Member To Class: ClassName=PDB_OS3_connections Member=Component C1 Capacitor 4.7µF +/-20% 10V 0603
Added Member To Class: ClassName=PDB_OS3_connections Member=Component C2 Capacitor 4.7µF +/-20% 10V 0603
Added Member To Class: ClassName=PDB_OS3_connections Member=Component C3 Capacitor 4.7µF +/-20% 10V 0603
Add Class Member: Failed to add class member : Component J? XT60PB-F
Add Class Member: Failed to add class member : Component J? XT60PB-F
Add Class Member: Failed to add class member : Component J? XT60PB-F
Add Class Member: Failed to add class member : Component J? XT60PB-F
Add Class Member: Failed to add class member : Component Z? 1M130Z
