Added Component: Designator=J1.2(AMASS_XT60PW-M)
Add component (AddParameter): Name = "Availability"; Value = "Not in stock"; VariantName = "[No Variations]"
Add component (AddParameter): Name = "Check_prices"; Value = "https://www.snapeda.com/parts/XT60PW-M/AMASS/view-part/?ref=eda"; VariantName = "[No Variations]"
Add component (AddParameter): Name = "MF"; Value = "AMASS"; VariantName = "[No Variations]"
Add component (AddParameter): Name = "MP"; Value = "XT60PW-M"; VariantName = "[No Variations]"
Add component (AddParameter): Name = "Package"; Value = "Package"; VariantName = "[No Variations]"
Add component (AddParameter): Name = "Price"; Value = "None"; VariantName = "[No Variations]"
Add component (AddParameter): Name = "SnapEDA_Link"; Value = "https://www.snapeda.com/parts/XT60PW-M/AMASS/view-part/?ref=snap"; VariantName = "[No Variations]"
Add component (AddParameter): Name = "Value"; Value = ""; VariantName = "[No Variations]"
Added Component: Designator=J2.2(AMASS_XT60PW-M)
Add component (AddParameter): Name = "Availability"; Value = "Not in stock"; VariantName = "[No Variations]"
Add component (AddParameter): Name = "Check_prices"; Value = "https://www.snapeda.com/parts/XT60PW-M/AMASS/view-part/?ref=eda"; VariantName = "[No Variations]"
Add component (AddParameter): Name = "MF"; Value = "AMASS"; VariantName = "[No Variations]"
Add component (AddParameter): Name = "MP"; Value = "XT60PW-M"; VariantName = "[No Variations]"
Add component (AddParameter): Name = "Package"; Value = "Package"; VariantName = "[No Variations]"
Add component (AddParameter): Name = "Price"; Value = "None"; VariantName = "[No Variations]"
Add component (AddParameter): Name = "SnapEDA_Link"; Value = "https://www.snapeda.com/parts/XT60PW-M/AMASS/view-part/?ref=snap"; VariantName = "[No Variations]"
Add component (AddParameter): Name = "Value"; Value = ""; VariantName = "[No Variations]"
Added Component: Designator=J3.2(AMASS_XT60PW-M)
Add component (AddParameter): Name = "Availability"; Value = "Not in stock"; VariantName = "[No Variations]"
Add component (AddParameter): Name = "Check_prices"; Value = "https://www.snapeda.com/parts/XT60PW-M/AMASS/view-part/?ref=eda"; VariantName = "[No Variations]"
Add component (AddParameter): Name = "MF"; Value = "AMASS"; VariantName = "[No Variations]"
Add component (AddParameter): Name = "MP"; Value = "XT60PW-M"; VariantName = "[No Variations]"
Add component (AddParameter): Name = "Package"; Value = "Package"; VariantName = "[No Variations]"
Add component (AddParameter): Name = "Price"; Value = "None"; VariantName = "[No Variations]"
Add component (AddParameter): Name = "SnapEDA_Link"; Value = "https://www.snapeda.com/parts/XT60PW-M/AMASS/view-part/?ref=snap"; VariantName = "[No Variations]"
Add component (AddParameter): Name = "Value"; Value = ""; VariantName = "[No Variations]"
Added Component: Designator=J4.2(AMASS_XT60PW-M)
Add component (AddParameter): Name = "Availability"; Value = "Not in stock"; VariantName = "[No Variations]"
Add component (AddParameter): Name = "Check_prices"; Value = "https://www.snapeda.com/parts/XT60PW-M/AMASS/view-part/?ref=eda"; VariantName = "[No Variations]"
Add component (AddParameter): Name = "MF"; Value = "AMASS"; VariantName = "[No Variations]"
Add component (AddParameter): Name = "MP"; Value = "XT60PW-M"; VariantName = "[No Variations]"
Add component (AddParameter): Name = "Package"; Value = "Package"; VariantName = "[No Variations]"
Add component (AddParameter): Name = "Price"; Value = "None"; VariantName = "[No Variations]"
Add component (AddParameter): Name = "SnapEDA_Link"; Value = "https://www.snapeda.com/parts/XT60PW-M/AMASS/view-part/?ref=snap"; VariantName = "[No Variations]"
Add component (AddParameter): Name = "Value"; Value = ""; VariantName = "[No Variations]"
Added Component: Designator=J5.2(AMASS_XT60PW-M)
Add component (AddParameter): Name = "Availability"; Value = "Not in stock"; VariantName = "[No Variations]"
Add component (AddParameter): Name = "Check_prices"; Value = "https://www.snapeda.com/parts/XT60PW-M/AMASS/view-part/?ref=eda"; VariantName = "[No Variations]"
Add component (AddParameter): Name = "MF"; Value = "AMASS"; VariantName = "[No Variations]"
Add component (AddParameter): Name = "MP"; Value = "XT60PW-M"; VariantName = "[No Variations]"
Add component (AddParameter): Name = "Package"; Value = "Package"; VariantName = "[No Variations]"
Add component (AddParameter): Name = "Price"; Value = "None"; VariantName = "[No Variations]"
Add component (AddParameter): Name = "SnapEDA_Link"; Value = "https://www.snapeda.com/parts/XT60PW-M/AMASS/view-part/?ref=snap"; VariantName = "[No Variations]"
Add component (AddParameter): Name = "Value"; Value = ""; VariantName = "[No Variations]"
Added Component: Designator=(AMASS_XT90PW-F)
Add component (AddParameter): Name = "Check_prices"; Value = "https://www.snapeda.com/parts/XT90PW-F/AMASS/view-part/?ref=eda"; VariantName = "[No Variations]"
Add component (AddParameter): Name = "MF"; Value = "AMASS"; VariantName = "[No Variations]"
Add component (AddParameter): Name = "MP"; Value = "XT90PW-F"; VariantName = "[No Variations]"
Add component (AddParameter): Name = "Package"; Value = "Package"; VariantName = "[No Variations]"
Add component (AddParameter): Name = "SnapEDA_Link"; Value = "https://www.snapeda.com/parts/XT90PW-F/AMASS/view-part/?ref=snap"; VariantName = "[No Variations]"
Add component (AddParameter): Name = "Value"; Value = ""; VariantName = "[No Variations]"
Added Pin To Net: NetName=GND Pin=-N
Added Pin To Net: NetName=Net_P Pin=-P
Added Pin To Net: NetName=Net_P Pin=J1.2-1
Added Pin To Net: NetName=GND Pin=J1.2-2
Added Pin To Net: NetName=Net_P Pin=J2.2-1
Added Pin To Net: NetName=GND Pin=J2.2-2
Added Pin To Net: NetName=Net_P Pin=J3.2-1
Added Pin To Net: NetName=GND Pin=J3.2-2
Added Pin To Net: NetName=Net_P Pin=J4.2-1
Added Pin To Net: NetName=GND Pin=J4.2-2
Added Pin To Net: NetName=Net_P Pin=J5.2-1
Added Pin To Net: NetName=GND Pin=J5.2-2
Added Member To Class: ClassName=PDB_OS3_AlimentationV2 Member=Component J1.2 XT60PW-M
Added Member To Class: ClassName=PDB_OS3_AlimentationV2 Member=Component J2.2 XT60PW-M
Added Member To Class: ClassName=PDB_OS3_AlimentationV2 Member=Component J3.2 XT60PW-M
Added Member To Class: ClassName=PDB_OS3_AlimentationV2 Member=Component J4.2 XT60PW-M
Added Member To Class: ClassName=PDB_OS3_AlimentationV2 Member=Component J5.2 XT60PW-M
Added Member To Class: ClassName=PDB_OS3_AlimentationV2 Member=Component  XT90PW-F
